app/api/blog/generate-slug/route.ts(52,51): error TS2554: Expected 1 arguments, but got 2.
app/api/blog/generate-slug/route.ts(54,13): error TS2353: Object literal may only specify known properties, and 'maxTokens' does not exist in type 'CallSettings & { system?: string | undefined; } & { prompt: string | ModelMessage[]; messages?: undefined; } & { model: LanguageModel; tools?: ToolSet | undefined; ... 13 more ...; _internal?: { ...; } | undefined; }'.
components/editor/BlogEditor.tsx(116,34): error TS2322: Type 'Extension<StarterKitOptions, any> | Mark<TextStyleOptions, any> | Extension<ColorOptions, any> | ... 6 more ... | Extension<...>' is not assignable to type 'AnyExtension'.
  Type 'Extension<StarterKitOptions, any>' is not assignable to type 'AnyExtension'.
    Type 'Extension<StarterKitOptions, any>' is not assignable to type 'Mark<any, any>'.
      Types of property 'parent' are incompatible.
        Type 'Extendable<any, any, ExtensionConfig<any, any> | NodeConfig<any, any> | MarkConfig<any, any>> | null' is not assignable to type 'Mark<any, any> | null'.
          Type 'Extendable<any, any, ExtensionConfig<any, any> | NodeConfig<any, any> | MarkConfig<any, any>>' is not assignable to type 'Mark<any, any>'.
            Types of property 'config' are incompatible.
              Type 'ExtensionConfig<any, any> | NodeConfig<any, any> | MarkConfig<any, any>' is not assignable to type 'MarkConfig<any, any>'.
                Type 'ExtensionConfig<any, any>' is not assignable to type 'MarkConfig<any, any>'.
                  Types of property 'addGlobalAttributes' are incompatible.
                    Type '((this: { name: string; options: any; storage: any; extensions: (import("C:/vibe_code/novelsh/ustudio-web/node_modules/@tiptap/core/dist/index").Node<any, any> | import("C:/vibe_code/novelsh/ustudio-web/node_modules/@tiptap/core/dist/index").Mark<any, any>)[]; parent: (() => import("C:/vibe_code/novelsh/ustudio-web/...' is not assignable to type '((this: { name: string; options: any; storage: any; extensions: (import("C:/vibe_code/novelsh/ustudio-web/node_modules/novel/node_modules/@tiptap/core/dist/Node").Node<any, any> | import("C:/vibe_code/novelsh/ustudio-web/node_modules/novel/node_modules/@tiptap/core/dist/Mark").Mark<...>)[]; parent: (() => import("C:...'.
                      Type '(this: { name: string; options: any; storage: any; extensions: (import("C:/vibe_code/novelsh/ustudio-web/node_modules/@tiptap/core/dist/index").Node<any, any> | import("C:/vibe_code/novelsh/ustudio-web/node_modules/@tiptap/core/dist/index").Mark<any, any>)[]; parent: (() => import("C:/vibe_code/novelsh/ustudio-web/n...' is not assignable to type '(this: { name: string; options: any; storage: any; extensions: (import("C:/vibe_code/novelsh/ustudio-web/node_modules/novel/node_modules/@tiptap/core/dist/Node").Node<any, any> | import("C:/vibe_code/novelsh/ustudio-web/node_modules/novel/node_modules/@tiptap/core/dist/Mark").Mark<...>)[]; parent: (() => import("C:/...'.
                        The 'this' types of each signature are incompatible.
                          Type '{ name: string; options: any; storage: any; extensions: (import("C:/vibe_code/novelsh/ustudio-web/node_modules/novel/node_modules/@tiptap/core/dist/Node").Node<any, any> | import("C:/vibe_code/novelsh/ustudio-web/node_modules/novel/node_modules/@tiptap/core/dist/Mark").Mark<any, any>)[]; parent: (() => import("C:/vi...' is not assignable to type '{ name: string; options: any; storage: any; extensions: (import("C:/vibe_code/novelsh/ustudio-web/node_modules/@tiptap/core/dist/index").Node<any, any> | import("C:/vibe_code/novelsh/ustudio-web/node_modules/@tiptap/core/dist/index").Mark<any, any>)[]; parent: (() => import("C:/vibe_code/novelsh/ustudio-web/node_mod...'.
                            Types of property 'extensions' are incompatible.
                              Type '(import("C:/vibe_code/novelsh/ustudio-web/node_modules/novel/node_modules/@tiptap/core/dist/Node").Node<any, any> | import("C:/vibe_code/novelsh/ustudio-web/node_modules/novel/node_modules/@tiptap/core/dist/Mark").Mark<any, any>)[]' is not assignable to type '(import("C:/vibe_code/novelsh/ustudio-web/node_modules/@tiptap/core/dist/index").Node<any, any> | import("C:/vibe_code/novelsh/ustudio-web/node_modules/@tiptap/core/dist/index").Mark<any, any>)[]'.
                                Type 'import("C:/vibe_code/novelsh/ustudio-web/node_modules/novel/node_modules/@tiptap/core/dist/Node").Node<any, any> | import("C:/vibe_code/novelsh/ustudio-web/node_modules/novel/node_modules/@tiptap/core/dist/Mark").Mark<any, any>' is not assignable to type 'import("C:/vibe_code/novelsh/ustudio-web/node_modules/@tiptap/core/dist/index").Node<any, any> | import("C:/vibe_code/novelsh/ustudio-web/node_modules/@tiptap/core/dist/index").Mark<any, any>'.
                                  Type 'Node<any, any>' is not assignable to type 'Node<any, any> | Mark<any, any>'.
                                    Type 'Node<any, any>' is not assignable to type 'Mark<any, any>'.
                                      Types of property 'extend' are incompatible.
                                        Type '<ExtendedOptions = any, ExtendedStorage = any>(extendedConfig?: Partial<NodeConfig<ExtendedOptions, ExtendedStorage>> | undefined) => Node<ExtendedOptions, ExtendedStorage>' is not assignable to type '<ExtendedOptions = any, ExtendedStorage = any, ExtendedConfig extends MarkConfig<ExtendedOptions, ExtendedStorage> = MarkConfig<ExtendedOptions, ExtendedStorage>>(extendedConfig?: (() => Partial<...>) | ... 1 more ... | undefined) => Mark<...>'.
                                          Types of parameters 'extendedConfig' and 'extendedConfig' are incompatible.
                                            Type '(() => Partial<ExtendedConfig>) | (Partial<ExtendedConfig> & ThisType<{ name: string; options: ExtendedOptions; storage: ExtendedStorage; editor: Editor; type: MarkType; }>) | undefined' is not assignable to type 'Partial<NodeConfig<ExtendedOptions, ExtendedStorage>> | undefined'.
                                              Type 'Partial<ExtendedConfig> & ThisType<{ name: string; options: ExtendedOptions; storage: ExtendedStorage; editor: Editor; type: MarkType; }>' is not assignable to type 'Partial<NodeConfig<ExtendedOptions, ExtendedStorage>> | undefined'.
                                                Type 'Partial<ExtendedConfig> & ThisType<{ name: string; options: ExtendedOptions; storage: ExtendedStorage; editor: Editor; type: MarkType; }>' is not assignable to type 'Partial<NodeConfig<ExtendedOptions, ExtendedStorage>>'.
                                                  Types of property 'addCommands' are incompatible.
                                                    Type 'ExtendedConfig["addCommands"] | undefined' is not assignable to type '((this: { name: string; options: ExtendedOptions; storage: ExtendedStorage; editor: Editor; type: NodeType; parent: (() => Partial<RawCommands>) | undefined; }) => Partial<...>) | undefined'.
                                                      Type 'ExtendedConfig["addCommands"]' is not assignable to type '((this: { name: string; options: ExtendedOptions; storage: ExtendedStorage; editor: Editor; type: NodeType; parent: (() => Partial<RawCommands>) | undefined; }) => Partial<...>) | undefined'.
                                                        Type '((this: { name: string; options: ExtendedOptions; storage: ExtendedStorage; editor: Editor; type: MarkType; parent: (() => Partial<RawCommands>) | undefined; }) => Partial<...>) | undefined' is not assignable to type '((this: { name: string; options: ExtendedOptions; storage: ExtendedStorage; editor: Editor; type: NodeType; parent: (() => Partial<RawCommands>) | undefined; }) => Partial<...>) | undefined'.
                                                          Type '(this: { name: string; options: ExtendedOptions; storage: ExtendedStorage; editor: Editor; type: MarkType; parent: (() => Partial<RawCommands>) | undefined; }) => Partial<...>' is not assignable to type '(this: { name: string; options: ExtendedOptions; storage: ExtendedStorage; editor: Editor; type: NodeType; parent: (() => Partial<RawCommands>) | undefined; }) => Partial<...>'.
                                                            The 'this' types of each signature are incompatible.
                                                              Type '{ name: string; options: ExtendedOptions; storage: ExtendedStorage; editor: Editor; type: NodeType; parent: (() => Partial<RawCommands>) | undefined; }' is not assignable to type '{ name: string; options: ExtendedOptions; storage: ExtendedStorage; editor: Editor; type: MarkType; parent: (() => Partial<RawCommands>) | undefined; }'.
                                                                Types of property 'editor' are incompatible.
                                                                  Type 'Editor' is missing the following properties from type 'Editor': className, editorView, editorState, instanceId, and 4 more.
components/editor/BlogEditor.tsx(116,49): error TS2322: Type 'Node<ImageOptions, any> | Extension<StarterKitOptions, any> | Mark<TextStyleOptions, any> | ... 8 more ... | Extension<...>' is not assignable to type 'AnyExtension'.
  Type 'Extension<StarterKitOptions, any>' is not assignable to type 'AnyExtension'.
    Type 'Extension<StarterKitOptions, any>' is not assignable to type 'Mark<any, any>'.
      Types of property 'parent' are incompatible.
        Type 'Extendable<any, any, ExtensionConfig<any, any> | NodeConfig<any, any> | MarkConfig<any, any>> | null' is not assignable to type 'Mark<any, any> | null'.
          Type 'Extendable<any, any, ExtensionConfig<any, any> | NodeConfig<any, any> | MarkConfig<any, any>>' is not assignable to type 'Mark<any, any>'.
            Types of property 'config' are incompatible.
              Type 'ExtensionConfig<any, any> | NodeConfig<any, any> | MarkConfig<any, any>' is not assignable to type 'MarkConfig<any, any>'.
                Type 'ExtensionConfig<any, any>' is not assignable to type 'MarkConfig<any, any>'.
                  Types of property 'addGlobalAttributes' are incompatible.
                    Type '((this: { name: string; options: any; storage: any; extensions: (import("C:/vibe_code/novelsh/ustudio-web/node_modules/@tiptap/core/dist/index").Node<any, any> | import("C:/vibe_code/novelsh/ustudio-web/node_modules/@tiptap/core/dist/index").Mark<any, any>)[]; parent: (() => import("C:/vibe_code/novelsh/ustudio-web/...' is not assignable to type '((this: { name: string; options: any; storage: any; extensions: (import("C:/vibe_code/novelsh/ustudio-web/node_modules/novel/node_modules/@tiptap/core/dist/Node").Node<any, any> | import("C:/vibe_code/novelsh/ustudio-web/node_modules/novel/node_modules/@tiptap/core/dist/Mark").Mark<...>)[]; parent: (() => import("C:...'.
                      Type '(this: { name: string; options: any; storage: any; extensions: (import("C:/vibe_code/novelsh/ustudio-web/node_modules/@tiptap/core/dist/index").Node<any, any> | import("C:/vibe_code/novelsh/ustudio-web/node_modules/@tiptap/core/dist/index").Mark<any, any>)[]; parent: (() => import("C:/vibe_code/novelsh/ustudio-web/n...' is not assignable to type '(this: { name: string; options: any; storage: any; extensions: (import("C:/vibe_code/novelsh/ustudio-web/node_modules/novel/node_modules/@tiptap/core/dist/Node").Node<any, any> | import("C:/vibe_code/novelsh/ustudio-web/node_modules/novel/node_modules/@tiptap/core/dist/Mark").Mark<...>)[]; parent: (() => import("C:/...'.
                        The 'this' types of each signature are incompatible.
                          Type '{ name: string; options: any; storage: any; extensions: (import("C:/vibe_code/novelsh/ustudio-web/node_modules/novel/node_modules/@tiptap/core/dist/Node").Node<any, any> | import("C:/vibe_code/novelsh/ustudio-web/node_modules/novel/node_modules/@tiptap/core/dist/Mark").Mark<any, any>)[]; parent: (() => import("C:/vi...' is not assignable to type '{ name: string; options: any; storage: any; extensions: (import("C:/vibe_code/novelsh/ustudio-web/node_modules/@tiptap/core/dist/index").Node<any, any> | import("C:/vibe_code/novelsh/ustudio-web/node_modules/@tiptap/core/dist/index").Mark<any, any>)[]; parent: (() => import("C:/vibe_code/novelsh/ustudio-web/node_mod...'.
                            Types of property 'extensions' are incompatible.
                              Type '(import("C:/vibe_code/novelsh/ustudio-web/node_modules/novel/node_modules/@tiptap/core/dist/Node").Node<any, any> | import("C:/vibe_code/novelsh/ustudio-web/node_modules/novel/node_modules/@tiptap/core/dist/Mark").Mark<any, any>)[]' is not assignable to type '(import("C:/vibe_code/novelsh/ustudio-web/node_modules/@tiptap/core/dist/index").Node<any, any> | import("C:/vibe_code/novelsh/ustudio-web/node_modules/@tiptap/core/dist/index").Mark<any, any>)[]'.
                                Type 'import("C:/vibe_code/novelsh/ustudio-web/node_modules/novel/node_modules/@tiptap/core/dist/Node").Node<any, any> | import("C:/vibe_code/novelsh/ustudio-web/node_modules/novel/node_modules/@tiptap/core/dist/Mark").Mark<any, any>' is not assignable to type 'import("C:/vibe_code/novelsh/ustudio-web/node_modules/@tiptap/core/dist/index").Node<any, any> | import("C:/vibe_code/novelsh/ustudio-web/node_modules/@tiptap/core/dist/index").Mark<any, any>'.
                                  Type 'Node<any, any>' is not assignable to type 'Node<any, any> | Mark<any, any>'.
                                    Type 'Node<any, any>' is not assignable to type 'Mark<any, any>'.
                                      Types of property 'extend' are incompatible.
                                        Type '<ExtendedOptions = any, ExtendedStorage = any>(extendedConfig?: Partial<NodeConfig<ExtendedOptions, ExtendedStorage>> | undefined) => Node<ExtendedOptions, ExtendedStorage>' is not assignable to type '<ExtendedOptions = any, ExtendedStorage = any, ExtendedConfig extends MarkConfig<ExtendedOptions, ExtendedStorage> = MarkConfig<ExtendedOptions, ExtendedStorage>>(extendedConfig?: (() => Partial<...>) | ... 1 more ... | undefined) => Mark<...>'.
                                          Types of parameters 'extendedConfig' and 'extendedConfig' are incompatible.
                                            Type '(() => Partial<ExtendedConfig>) | (Partial<ExtendedConfig> & ThisType<{ name: string; options: ExtendedOptions; storage: ExtendedStorage; editor: Editor; type: MarkType; }>) | undefined' is not assignable to type 'Partial<NodeConfig<ExtendedOptions, ExtendedStorage>> | undefined'.
                                              Type 'Partial<ExtendedConfig> & ThisType<{ name: string; options: ExtendedOptions; storage: ExtendedStorage; editor: Editor; type: MarkType; }>' is not assignable to type 'Partial<NodeConfig<ExtendedOptions, ExtendedStorage>> | undefined'.
                                                Type 'Partial<ExtendedConfig> & ThisType<{ name: string; options: ExtendedOptions; storage: ExtendedStorage; editor: Editor; type: MarkType; }>' is not assignable to type 'Partial<NodeConfig<ExtendedOptions, ExtendedStorage>>'.
                                                  Types of property 'addCommands' are incompatible.
                                                    Type 'ExtendedConfig["addCommands"] | undefined' is not assignable to type '((this: { name: string; options: ExtendedOptions; storage: ExtendedStorage; editor: Editor; type: NodeType; parent: (() => Partial<RawCommands>) | undefined; }) => Partial<...>) | undefined'.
                                                      Type 'ExtendedConfig["addCommands"]' is not assignable to type '((this: { name: string; options: ExtendedOptions; storage: ExtendedStorage; editor: Editor; type: NodeType; parent: (() => Partial<RawCommands>) | undefined; }) => Partial<...>) | undefined'.
                                                        Type '((this: { name: string; options: ExtendedOptions; storage: ExtendedStorage; editor: Editor; type: MarkType; parent: (() => Partial<RawCommands>) | undefined; }) => Partial<...>) | undefined' is not assignable to type '((this: { name: string; options: ExtendedOptions; storage: ExtendedStorage; editor: Editor; type: NodeType; parent: (() => Partial<RawCommands>) | undefined; }) => Partial<...>) | undefined'.
                                                          Type '(this: { name: string; options: ExtendedOptions; storage: ExtendedStorage; editor: Editor; type: MarkType; parent: (() => Partial<RawCommands>) | undefined; }) => Partial<...>' is not assignable to type '(this: { name: string; options: ExtendedOptions; storage: ExtendedStorage; editor: Editor; type: NodeType; parent: (() => Partial<RawCommands>) | undefined; }) => Partial<...>'.
                                                            The 'this' types of each signature are incompatible.
                                                              Type '{ name: string; options: ExtendedOptions; storage: ExtendedStorage; editor: Editor; type: NodeType; parent: (() => Partial<RawCommands>) | undefined; }' is not assignable to type '{ name: string; options: ExtendedOptions; storage: ExtendedStorage; editor: Editor; type: MarkType; parent: (() => Partial<RawCommands>) | undefined; }'.
                                                                Types of property 'editor' are incompatible.
                                                                  Type 'Editor' is missing the following properties from type 'Editor': className, editorView, editorState, instanceId, and 4 more.
components/editor/BlogEditor.tsx(116,65): error TS2322: Type 'Extension<any, any>' is not assignable to type 'AnyExtension'.
  Type 'Extension<any, any>' is not assignable to type 'Mark<any, any>'.
    Types of property 'parent' are incompatible.
      Type 'Extendable<any, any, ExtensionConfig<any, any> | NodeConfig<any, any> | MarkConfig<any, any>> | null' is not assignable to type 'Mark<any, any> | null'.
        Type 'Extendable<any, any, ExtensionConfig<any, any> | NodeConfig<any, any> | MarkConfig<any, any>>' is not assignable to type 'Mark<any, any>'.
          Types of property 'config' are incompatible.
            Type 'ExtensionConfig<any, any> | NodeConfig<any, any> | MarkConfig<any, any>' is not assignable to type 'MarkConfig<any, any>'.
              Type 'ExtensionConfig<any, any>' is not assignable to type 'MarkConfig<any, any>'.
                Types of property 'addGlobalAttributes' are incompatible.
                  Type '((this: { name: string; options: any; storage: any; extensions: (import("C:/vibe_code/novelsh/ustudio-web/node_modules/@tiptap/core/dist/index").Node<any, any> | import("C:/vibe_code/novelsh/ustudio-web/node_modules/@tiptap/core/dist/index").Mark<any, any>)[]; parent: (() => import("C:/vibe_code/novelsh/ustudio-web/...' is not assignable to type '((this: { name: string; options: any; storage: any; extensions: (import("C:/vibe_code/novelsh/ustudio-web/node_modules/novel/node_modules/@tiptap/core/dist/Node").Node<any, any> | import("C:/vibe_code/novelsh/ustudio-web/node_modules/novel/node_modules/@tiptap/core/dist/Mark").Mark<...>)[]; parent: (() => import("C:...'.
                    Type '(this: { name: string; options: any; storage: any; extensions: (import("C:/vibe_code/novelsh/ustudio-web/node_modules/@tiptap/core/dist/index").Node<any, any> | import("C:/vibe_code/novelsh/ustudio-web/node_modules/@tiptap/core/dist/index").Mark<any, any>)[]; parent: (() => import("C:/vibe_code/novelsh/ustudio-web/n...' is not assignable to type '(this: { name: string; options: any; storage: any; extensions: (import("C:/vibe_code/novelsh/ustudio-web/node_modules/novel/node_modules/@tiptap/core/dist/Node").Node<any, any> | import("C:/vibe_code/novelsh/ustudio-web/node_modules/novel/node_modules/@tiptap/core/dist/Mark").Mark<...>)[]; parent: (() => import("C:/...'.
                      The 'this' types of each signature are incompatible.
                        Type '{ name: string; options: any; storage: any; extensions: (import("C:/vibe_code/novelsh/ustudio-web/node_modules/novel/node_modules/@tiptap/core/dist/Node").Node<any, any> | import("C:/vibe_code/novelsh/ustudio-web/node_modules/novel/node_modules/@tiptap/core/dist/Mark").Mark<any, any>)[]; parent: (() => import("C:/vi...' is not assignable to type '{ name: string; options: any; storage: any; extensions: (import("C:/vibe_code/novelsh/ustudio-web/node_modules/@tiptap/core/dist/index").Node<any, any> | import("C:/vibe_code/novelsh/ustudio-web/node_modules/@tiptap/core/dist/index").Mark<any, any>)[]; parent: (() => import("C:/vibe_code/novelsh/ustudio-web/node_mod...'.
                          Types of property 'extensions' are incompatible.
                            Type '(import("C:/vibe_code/novelsh/ustudio-web/node_modules/novel/node_modules/@tiptap/core/dist/Node").Node<any, any> | import("C:/vibe_code/novelsh/ustudio-web/node_modules/novel/node_modules/@tiptap/core/dist/Mark").Mark<any, any>)[]' is not assignable to type '(import("C:/vibe_code/novelsh/ustudio-web/node_modules/@tiptap/core/dist/index").Node<any, any> | import("C:/vibe_code/novelsh/ustudio-web/node_modules/@tiptap/core/dist/index").Mark<any, any>)[]'.
                              Type 'import("C:/vibe_code/novelsh/ustudio-web/node_modules/novel/node_modules/@tiptap/core/dist/Node").Node<any, any> | import("C:/vibe_code/novelsh/ustudio-web/node_modules/novel/node_modules/@tiptap/core/dist/Mark").Mark<any, any>' is not assignable to type 'import("C:/vibe_code/novelsh/ustudio-web/node_modules/@tiptap/core/dist/index").Node<any, any> | import("C:/vibe_code/novelsh/ustudio-web/node_modules/@tiptap/core/dist/index").Mark<any, any>'.
                                Type 'Node<any, any>' is not assignable to type 'Node<any, any> | Mark<any, any>'.
                                  Type 'Node<any, any>' is not assignable to type 'Mark<any, any>'.
                                    Types of property 'extend' are incompatible.
                                      Type '<ExtendedOptions = any, ExtendedStorage = any>(extendedConfig?: Partial<NodeConfig<ExtendedOptions, ExtendedStorage>> | undefined) => Node<ExtendedOptions, ExtendedStorage>' is not assignable to type '<ExtendedOptions = any, ExtendedStorage = any, ExtendedConfig extends MarkConfig<ExtendedOptions, ExtendedStorage> = MarkConfig<ExtendedOptions, ExtendedStorage>>(extendedConfig?: (() => Partial<...>) | ... 1 more ... | undefined) => Mark<...>'.
                                        Types of parameters 'extendedConfig' and 'extendedConfig' are incompatible.
                                          Type '(() => Partial<ExtendedConfig>) | (Partial<ExtendedConfig> & ThisType<{ name: string; options: ExtendedOptions; storage: ExtendedStorage; editor: Editor; type: MarkType; }>) | undefined' is not assignable to type 'Partial<NodeConfig<ExtendedOptions, ExtendedStorage>> | undefined'.
                                            Type 'Partial<ExtendedConfig> & ThisType<{ name: string; options: ExtendedOptions; storage: ExtendedStorage; editor: Editor; type: MarkType; }>' is not assignable to type 'Partial<NodeConfig<ExtendedOptions, ExtendedStorage>> | undefined'.
                                              Type 'Partial<ExtendedConfig> & ThisType<{ name: string; options: ExtendedOptions; storage: ExtendedStorage; editor: Editor; type: MarkType; }>' is not assignable to type 'Partial<NodeConfig<ExtendedOptions, ExtendedStorage>>'.
                                                Types of property 'addCommands' are incompatible.
                                                  Type 'ExtendedConfig["addCommands"] | undefined' is not assignable to type '((this: { name: string; options: ExtendedOptions; storage: ExtendedStorage; editor: Editor; type: NodeType; parent: (() => Partial<RawCommands>) | undefined; }) => Partial<...>) | undefined'.
                                                    Type 'ExtendedConfig["addCommands"]' is not assignable to type '((this: { name: string; options: ExtendedOptions; storage: ExtendedStorage; editor: Editor; type: NodeType; parent: (() => Partial<RawCommands>) | undefined; }) => Partial<...>) | undefined'.
                                                      Type '((this: { name: string; options: ExtendedOptions; storage: ExtendedStorage; editor: Editor; type: MarkType; parent: (() => Partial<RawCommands>) | undefined; }) => Partial<...>) | undefined' is not assignable to type '((this: { name: string; options: ExtendedOptions; storage: ExtendedStorage; editor: Editor; type: NodeType; parent: (() => Partial<RawCommands>) | undefined; }) => Partial<...>) | undefined'.
                                                        Type '(this: { name: string; options: ExtendedOptions; storage: ExtendedStorage; editor: Editor; type: MarkType; parent: (() => Partial<RawCommands>) | undefined; }) => Partial<...>' is not assignable to type '(this: { name: string; options: ExtendedOptions; storage: ExtendedStorage; editor: Editor; type: NodeType; parent: (() => Partial<RawCommands>) | undefined; }) => Partial<...>'.
                                                          The 'this' types of each signature are incompatible.
                                                            Type '{ name: string; options: ExtendedOptions; storage: ExtendedStorage; editor: Editor; type: NodeType; parent: (() => Partial<RawCommands>) | undefined; }' is not assignable to type '{ name: string; options: ExtendedOptions; storage: ExtendedStorage; editor: Editor; type: MarkType; parent: (() => Partial<RawCommands>) | undefined; }'.
                                                              Types of property 'editor' are incompatible.
                                                                Type 'Editor' is missing the following properties from type 'Editor': className, editorView, editorState, instanceId, and 4 more.
